// Jest Snapshot v1, https://goo.gl/fbAQLP

exports[`HeaderComponent render correctly 1`] = `
<header>
  <nav>
    <div
      class="logo-container"
    >
      <logo-stub
        class="logo"
      />
       
      <span>
        Frontend Challenge
      </span>
    </div>
     
    <p
      class="address"
    >
      
      
    
    </p>
  </nav>
</header>
`;
